Traceback (most recent call last):
  File "C:\Users\WaWi\anaconda3\envs\hausarbeit_wb4\lib\site-packages\jupyter_cache\executors\utils.py", line 58, in single_nb_execution
    executenb(
  File "C:\Users\WaWi\anaconda3\envs\hausarbeit_wb4\lib\site-packages\nbclient\client.py", line 1319, in execute
    return NotebookClient(nb=nb, resources=resources, km=km, **kwargs).execute()
  File "C:\Users\WaWi\anaconda3\envs\hausarbeit_wb4\lib\site-packages\jupyter_core\utils\__init__.py", line 165, in wrapped
    return loop.run_until_complete(inner)
  File "C:\Users\WaWi\anaconda3\envs\hausarbeit_wb4\lib\asyncio\base_events.py", line 649, in run_until_complete
    return future.result()
  File "C:\Users\WaWi\anaconda3\envs\hausarbeit_wb4\lib\site-packages\nbclient\client.py", line 709, in async_execute
    await self.async_execute_cell(
  File "C:\Users\WaWi\anaconda3\envs\hausarbeit_wb4\lib\site-packages\nbclient\client.py", line 1062, in async_execute_cell
    await self._check_raise_for_error(cell, cell_index, exec_reply)
  File "C:\Users\WaWi\anaconda3\envs\hausarbeit_wb4\lib\site-packages\nbclient\client.py", line 918, in _check_raise_for_error
    raise CellExecutionError.from_cell_and_msg(cell, exec_reply_content)
nbclient.exceptions.CellExecutionError: An error occurred while executing the following cell:
------------------
def interpolate_HQ(T_target, df):
    """Interpoliert den Hochwasserabfluss für eine bestimmte Jährlichkeit"""
    # Sortieren nach Jährlichkeit (aufsteigend)
    df_sorted = df.sort_values(by="T_emp (Jahre)")

    # Finden der beiden benachbarten Werte
    smaller = df_sorted[df_sorted["T_emp (Jahre)"] <= T_target].iloc[-1] if any(df_sorted["T_emp (Jahre)"] <= T_target) else None
    larger = df_sorted[df_sorted["T_emp (Jahre)"] >= T_target].iloc[0] if any(df_sorted["T_emp (Jahre)"] >= T_target) else None

    # Wenn exakter Wert gefunden, diesen zurückgeben
    if smaller is not None and abs(smaller["T_emp (Jahre)"] - T_target) < 1e-6:
        return smaller["HQ (m³/s)"]
    if larger is not None and abs(larger["T_emp (Jahre)"] - T_target) < 1e-6:
        return larger["HQ (m³/s)"]

    # Logarithmische Interpolation
    if smaller is not None and larger is not None:
        log_T1 = np.log10(smaller["T_emp (Jahre)"])
        log_T2 = np.log10(larger["T_emp (Jahre)"])
        log_T_target = np.log10(T_target)

        log_HQ1 = np.log10(smaller["HQ (m³/s)"])
        log_HQ2 = np.log10(larger["HQ (m³/s)"])

        log_HQ_target = log_HQ1 + (log_HQ2 - log_HQ1) * (log_T_target - log_T1) / (log_T2 - log_T1)
        return 10**log_HQ_target

    return None

# Beispiel: Interpolation für T=50 Jahre
HQ50_emp = interpolate_HQ(50, df)
print(f"Empirisch interpoliertes HQ50: {HQ50_emp:.2f} m³/s")

# Beispiel: Interpolation für T=100 Jahre
HQ100_emp = interpolate_HQ(100, df)
print(f"Empirisch interpoliertes HQ100: {HQ100_emp:.2f} m³/s")
------------------


[1;31m---------------------------------------------------------------------------[0m
[1;31mTypeError[0m                                 Traceback (most recent call last)
Cell [1;32mIn[9], line 32[0m
[0;32m     30[0m [38;5;66;03m# Beispiel: Interpolation für T=50 Jahre[39;00m
[0;32m     31[0m HQ50_emp [38;5;241m=[39m interpolate_HQ([38;5;241m50[39m, df)
[1;32m---> 32[0m [38;5;28mprint[39m([38;5;124mf[39m[38;5;124m"[39m[38;5;124mEmpirisch interpoliertes HQ50: [39m[38;5;132;01m{[39;00mHQ50_emp[38;5;132;01m:[39;00m[38;5;124m.2f[39m[38;5;132;01m}[39;00m[38;5;124m m³/s[39m[38;5;124m"[39m)
[0;32m     34[0m [38;5;66;03m# Beispiel: Interpolation für T=100 Jahre[39;00m
[0;32m     35[0m HQ100_emp [38;5;241m=[39m interpolate_HQ([38;5;241m100[39m, df)

[1;31mTypeError[0m: unsupported format string passed to NoneType.__format__

