Traceback (most recent call last):
  File "C:\Users\grego\anaconda3\envs\hausarbeit_wb4\lib\site-packages\jupyter_cache\executors\utils.py", line 58, in single_nb_execution
    executenb(
  File "C:\Users\grego\anaconda3\envs\hausarbeit_wb4\lib\site-packages\nbclient\client.py", line 1319, in execute
    return NotebookClient(nb=nb, resources=resources, km=km, **kwargs).execute()
  File "C:\Users\grego\anaconda3\envs\hausarbeit_wb4\lib\site-packages\jupyter_core\utils\__init__.py", line 165, in wrapped
    return loop.run_until_complete(inner)
  File "C:\Users\grego\anaconda3\envs\hausarbeit_wb4\lib\asyncio\base_events.py", line 649, in run_until_complete
    return future.result()
  File "C:\Users\grego\anaconda3\envs\hausarbeit_wb4\lib\site-packages\nbclient\client.py", line 709, in async_execute
    await self.async_execute_cell(
  File "C:\Users\grego\anaconda3\envs\hausarbeit_wb4\lib\site-packages\nbclient\client.py", line 1062, in async_execute_cell
    await self._check_raise_for_error(cell, cell_index, exec_reply)
  File "C:\Users\grego\anaconda3\envs\hausarbeit_wb4\lib\site-packages\nbclient\client.py", line 918, in _check_raise_for_error
    raise CellExecutionError.from_cell_and_msg(cell, exec_reply_content)
nbclient.exceptions.CellExecutionError: An error occurred while executing the following cell:
------------------
import pandas as pd
import plotly.express as px
import ipywidgets as widgets
from IPython.display import display

# Gegebene Daten für h2_erf und Abfluss bei verschiedenen Klappenanzahlen
data = {
    "h2_erf [m]": [1.49, 2.67, 4.09, 5.76],
    "n=1": [6, 20, 50, 110],
    "n=2": [12, 40, 100, 220],
    "n=3": [18, 60, 150, 330],
    "n=4": [24, 80, 200, 440],
    "n=5": [30, 100, 250, 550],
}

# Erstellen eines Pandas DataFrames aus dem Dictionary
df = pd.DataFrame(data)

# Funktion zum Anzeigen des Diagramms
def zeige_diagramm():
    # Erstellen einer Liste aller Spalten für die Klappenanzahlen
    spalten = [f"n={n}" for n in range(1, 6)]

    # Erstellen des Diagramms mit Plotly Express
    fig = px.line(df, y="h2_erf [m]", x=spalten,
                  title="Wehrbedienungsplan (Alle Klappen)",
                  labels={"h2_erf [m]": "h2_erf [m]", "value": "Abfluss Q [m³/s]", "variable": "Klappenanzahl"},
                  markers=True,
                  range_x=[0, 550],
                  range_y=[0, 6])

    # Anpassen des Layouts des Diagramms
    fig.update_layout(
        yaxis_title="h2_erf [m]",
        xaxis_title="Abfluss Q [m³/s]",
        yaxis_range=[0, 6],
        xaxis_range=[0, 550],
        yaxis_gridcolor='lightgrey',
        xaxis_gridcolor='lightgrey',
        plot_bgcolor='white'
    )

    # Anzeigen des Diagramms
    fig.show()

# Anzeigen des Diagramms (ohne interaktives Widget)
zeige_diagramm()

------------------


[1;31m---------------------------------------------------------------------------[0m
[1;31mModuleNotFoundError[0m                       Traceback (most recent call last)
Cell [1;32mIn[2], line 2[0m
[0;32m      1[0m [38;5;28;01mimport[39;00m[38;5;250m [39m[38;5;21;01mpandas[39;00m[38;5;250m [39m[38;5;28;01mas[39;00m[38;5;250m [39m[38;5;21;01mpd[39;00m
[1;32m----> 2[0m [38;5;28;01mimport[39;00m[38;5;250m [39m[38;5;21;01mplotly[39;00m[38;5;21;01m.[39;00m[38;5;21;01mexpress[39;00m[38;5;250m [39m[38;5;28;01mas[39;00m[38;5;250m [39m[38;5;21;01mpx[39;00m
[0;32m      3[0m [38;5;28;01mimport[39;00m[38;5;250m [39m[38;5;21;01mipywidgets[39;00m[38;5;250m [39m[38;5;28;01mas[39;00m[38;5;250m [39m[38;5;21;01mwidgets[39;00m
[0;32m      4[0m [38;5;28;01mfrom[39;00m[38;5;250m [39m[38;5;21;01mIPython[39;00m[38;5;21;01m.[39;00m[38;5;21;01mdisplay[39;00m[38;5;250m [39m[38;5;28;01mimport[39;00m display

[1;31mModuleNotFoundError[0m: No module named 'plotly'

